Startpoint: u_dut/u_learner/_39271_
            (rising edge-triggered flip-flop clocked by clk)
Endpoint: u_dut/u_learner/_39486_
          (rising edge-triggered flip-flop clocked by clk)
Path Group: clk
Path Type: max

    Delay      Time   Description
-------------------------------------------------------------
   0.0000    0.0000   clock clk (rise edge)
   0.0000    0.0000   clock network delay (ideal)
   0.0000    0.0000 ^ u_dut/u_learner/_39271_/CLK (sky130_fd_sc_hd__dfxtp_1)
   1.0308    1.0308 ^ u_dut/u_learner/_39271_/Q (sky130_fd_sc_hd__dfxtp_1)
   6.9933    8.0242 ^ u_dut/u_learner/_19595_/Y (sky130_fd_sc_hd__nor3b_1)
   2.4083   10.4325 v u_dut/u_learner/_19690_/Y (sky130_fd_sc_hd__a221oi_1)
   0.5011   10.9336 ^ u_dut/u_learner/_19729_/Y (sky130_fd_sc_hd__nand2_1)
   0.2033   11.1369 v u_dut/u_learner/_19732_/Y (sky130_fd_sc_hd__a222oi_1)
   0.1613   11.2982 ^ u_dut/u_learner/_19733_/Y (sky130_fd_sc_hd__clkinv_1)
   7.0462   18.3444 ^ u_dut/u_weight_ram/_2120_/X (sky130_fd_sc_hd__lpflow_isobufsrc_1)
   1.7208   20.0653 v u_dut/u_weight_ram/_2987_/Y (sky130_fd_sc_hd__a22oi_1)
   0.5415   20.6067 ^ u_dut/u_weight_ram/_2989_/Y (sky130_fd_sc_hd__a21oi_1)
   0.1799   20.7866 v u_dut/u_weight_ram/_3005_/Y (sky130_fd_sc_hd__nor4_1)
   1.1063   21.8930 ^ u_dut/u_weight_ram/_3007_/Y (sky130_fd_sc_hd__nand2_1)
   0.7176   22.6106 v u_dut/u_learner/_20556_/Y (sky130_fd_sc_hd__nand4_1)
   0.5734   23.1840 ^ u_dut/u_learner/_20563_/X (sky130_fd_sc_hd__xor2_1)
   0.9192   24.1032 v u_dut/u_learner/_20579_/X (sky130_fd_sc_hd__xnor3_1)
   0.3188   24.4220 v u_dut/u_learner/_20650_/X (sky130_fd_sc_hd__xor2_1)
   0.8203   25.2423 v u_dut/u_learner/_20663_/X (sky130_fd_sc_hd__maj3_1)
   0.8499   26.0922 v u_dut/u_learner/_20666_/X (sky130_fd_sc_hd__maj3_1)
   0.8499   26.9421 v u_dut/u_learner/_20668_/X (sky130_fd_sc_hd__maj3_1)
   0.8499   27.7920 v u_dut/u_learner/_20670_/X (sky130_fd_sc_hd__maj3_1)
   0.8499   28.6419 v u_dut/u_learner/_20673_/X (sky130_fd_sc_hd__maj3_1)
   0.8499   29.4918 v u_dut/u_learner/_20676_/X (sky130_fd_sc_hd__maj3_1)
   0.8499   30.3418 v u_dut/u_learner/_20678_/X (sky130_fd_sc_hd__maj3_1)
   0.8543   31.1961 v u_dut/u_learner/_38573_/X (sky130_fd_sc_hd__maj3_1)
   0.8539   32.0500 v u_dut/u_learner/_38575_/X (sky130_fd_sc_hd__maj3_1)
   0.8508   32.9008 v u_dut/u_learner/_38576_/X (sky130_fd_sc_hd__maj3_1)
   0.7985   33.6993 v u_dut/u_learner/_38579_/X (sky130_fd_sc_hd__maj3_1)
   0.8403   34.5396 v u_dut/u_learner/_38581_/X (sky130_fd_sc_hd__maj3_1)
   0.8555   35.3952 v u_dut/u_learner/_38583_/X (sky130_fd_sc_hd__maj3_1)
   0.8539   36.2491 v u_dut/u_learner/_38585_/X (sky130_fd_sc_hd__maj3_1)
   0.8506   37.0997 v u_dut/u_learner/_38586_/X (sky130_fd_sc_hd__maj3_1)
   0.8499   37.9495 v u_dut/u_learner/_38588_/X (sky130_fd_sc_hd__maj3_1)
   0.7985   38.7480 v u_dut/u_learner/_38591_/X (sky130_fd_sc_hd__maj3_1)
   0.8361   39.5841 v u_dut/u_learner/_38593_/X (sky130_fd_sc_hd__maj3_1)
   0.8499   40.4340 v u_dut/u_learner/_38596_/X (sky130_fd_sc_hd__maj3_1)
   0.8500   41.2840 v u_dut/u_learner/_38598_/X (sky130_fd_sc_hd__maj3_1)
   0.7985   42.0826 v u_dut/u_learner/_38601_/X (sky130_fd_sc_hd__maj3_1)
   0.8359   42.9184 v u_dut/u_learner/_38603_/X (sky130_fd_sc_hd__maj3_1)
   0.7985   43.7169 v u_dut/u_learner/_38605_/X (sky130_fd_sc_hd__maj3_1)
   0.8361   44.5530 v u_dut/u_learner/_38607_/X (sky130_fd_sc_hd__maj3_1)
   0.7985   45.3515 v u_dut/u_learner/_38610_/X (sky130_fd_sc_hd__maj3_1)
   0.8359   46.1874 v u_dut/u_learner/_38612_/X (sky130_fd_sc_hd__maj3_1)
   0.7985   46.9859 v u_dut/u_learner/_38614_/X (sky130_fd_sc_hd__maj3_1)
   0.8404   47.8262 v u_dut/u_learner/_38616_/X (sky130_fd_sc_hd__maj3_1)
   0.8755   48.7018 v u_dut/u_learner/_38618_/X (sky130_fd_sc_hd__maj3_1)
   0.4796   49.1814 v u_dut/u_learner/_38621_/X (sky130_fd_sc_hd__o211a_1)
   0.4812   49.6626 v u_dut/u_learner/_38623_/X (sky130_fd_sc_hd__o31a_1)
   0.2234   49.8859 ^ u_dut/u_learner/_38624_/Y (sky130_fd_sc_hd__nor2_1)
   0.2855   50.1714 v u_dut/u_learner/_38625_/Y (sky130_fd_sc_hd__o21ai_0)
   0.4922   50.6636 ^ u_dut/u_learner/_38629_/Y (sky130_fd_sc_hd__o31ai_1)
   0.3297   50.9933 v u_dut/u_learner/_38632_/Y (sky130_fd_sc_hd__nand2b_1)
   0.4692   51.4625 ^ u_dut/u_learner/_38636_/Y (sky130_fd_sc_hd__o31ai_1)
   0.3721   51.8346 ^ u_dut/u_learner/_38638_/X (sky130_fd_sc_hd__and2_0)
   0.1361   51.9707 v u_dut/u_learner/_38639_/Y (sky130_fd_sc_hd__a21oi_1)
   0.9210   52.8918 v u_dut/u_learner/_38640_/X (sky130_fd_sc_hd__maj3_1)
   0.7336   53.6254 v u_dut/u_learner/_38641_/X (sky130_fd_sc_hd__or3_1)
   0.3227   53.9480 ^ u_dut/u_learner/_38885_/Y (sky130_fd_sc_hd__a32oi_1)
   0.2062   54.1542 v u_dut/u_learner/_38886_/X (sky130_fd_sc_hd__lpflow_isobufsrc_1)
   0.0000   54.1542 v u_dut/u_learner/_39486_/D (sky130_fd_sc_hd__dfxtp_1)
            54.1542   data arrival time

 108.9678  108.9678   clock clk (rise edge)
   0.0000  108.9678   clock network delay (ideal)
   0.0000  108.9678   clock reconvergence pessimism
           108.9678 ^ u_dut/u_learner/_39486_/CLK (sky130_fd_sc_hd__dfxtp_1)
  -0.3028  108.6650   library setup time
           108.6650   data required time
-------------------------------------------------------------
           108.6650   data required time
           -54.1542   data arrival time
-------------------------------------------------------------
            54.5108   slack (MET)


