Startpoint: u_dut/u_sample_stream/_125_
            (rising edge-triggered flip-flop clocked by clk)
Endpoint: u_dut/u_stats/_742_ (rising edge-triggered flip-flop clocked by clk)
Path Group: clk
Path Type: min

    Delay      Time   Description
-------------------------------------------------------------
   0.0000    0.0000   clock clk (rise edge)
   0.0000    0.0000   clock network delay (ideal)
   0.0000    0.0000 ^ u_dut/u_sample_stream/_125_/CLK (sky130_fd_sc_hd__dfxtp_1)
   0.2070    0.2070 ^ u_dut/u_sample_stream/_125_/Q (sky130_fd_sc_hd__dfxtp_1)
   0.0221    0.2291 v u_dut/u_stats/_706_/Y (sky130_fd_sc_hd__nor2_1)
   0.0488    0.2779 ^ u_dut/u_stats/_707_/Y (sky130_fd_sc_hd__nor2_1)
   0.0000    0.2779 ^ u_dut/u_stats/_742_/D (sky130_fd_sc_hd__dfxtp_1)
             0.2779   data arrival time

   0.0000    0.0000   clock clk (rise edge)
   0.0000    0.0000   clock network delay (ideal)
   0.0000    0.0000   clock reconvergence pessimism
             0.0000 ^ u_dut/u_stats/_742_/CLK (sky130_fd_sc_hd__dfxtp_1)
  -0.0248   -0.0248   library hold time
            -0.0248   data required time
-------------------------------------------------------------
            -0.0248   data required time
            -0.2779   data arrival time
-------------------------------------------------------------
             0.3027   slack (MET)


