Startpoint: u_dut/u_sample_stream/_125_
            (rising edge-triggered flip-flop clocked by clk)
Endpoint: u_dut/u_stats/_742_ (rising edge-triggered flip-flop clocked by clk)
Path Group: clk
Path Type: min

    Delay      Time   Description
-------------------------------------------------------------
   0.0000    0.0000   clock clk (rise edge)
   0.0000    0.0000   clock network delay (ideal)
   0.0000    0.0000 ^ u_dut/u_sample_stream/_125_/CLK (sky130_fd_sc_hd__dfxtp_1)
   0.2809    0.2809 ^ u_dut/u_sample_stream/_125_/Q (sky130_fd_sc_hd__dfxtp_1)
   0.0318    0.3127 v u_dut/u_stats/_706_/Y (sky130_fd_sc_hd__nor2_1)
   0.0585    0.3712 ^ u_dut/u_stats/_707_/Y (sky130_fd_sc_hd__nor2_1)
   0.0000    0.3712 ^ u_dut/u_stats/_742_/D (sky130_fd_sc_hd__dfxtp_1)
             0.3712   data arrival time

   0.0000    0.0000   clock clk (rise edge)
   0.0000    0.0000   clock network delay (ideal)
   0.0000    0.0000   clock reconvergence pessimism
             0.0000 ^ u_dut/u_stats/_742_/CLK (sky130_fd_sc_hd__dfxtp_1)
  -0.0402   -0.0402   library hold time
            -0.0402   data required time
-------------------------------------------------------------
            -0.0402   data required time
            -0.3712   data arrival time
-------------------------------------------------------------
             0.4114   slack (MET)


