rm -f results.xml
"make" -f Makefile.gen results.xml
make[1]: Entering directory '/home/smdadmin/PRJ-005/mnist_npu/verify/run_cocotb'
mkdir -p sim_build
/usr/bin/iverilog -o sim_build/sim.vvp -s mnist_npu_cocotb_wrapper -g2012 -f sim_build/cmds.f  /home/smdadmin/PRJ-005/mnist_npu/rtl/weight_rom.v /home/smdadmin/PRJ-005/mnist_npu/rtl/image_rom.v /home/smdadmin/PRJ-005/mnist_npu/rtl/label_rom.v /home/smdadmin/PRJ-005/mnist_npu/rtl/hidden_ram.v /home/smdadmin/PRJ-005/mnist_npu/rtl/sigmoid_lut.v /home/smdadmin/PRJ-005/mnist_npu/rtl/mac_datapath.v /home/smdadmin/PRJ-005/mnist_npu/rtl/uart_tx.v /home/smdadmin/PRJ-005/mnist_npu/rtl/uart_line_fmt.v /home/smdadmin/PRJ-005/mnist_npu/rtl/led_ctrl.v /home/smdadmin/PRJ-005/mnist_npu/rtl/ctrl_fsm.v /home/smdadmin/PRJ-005/mnist_npu/rtl/mnist_npu.v /home/smdadmin/PRJ-005/mnist_npu/verify/tests/mnist_npu_cocotb_wrapper.v
rm -f results.xml
COCOTB_TEST_MODULES=test_mnist_top COCOTB_TESTCASE= COCOTB_TEST_FILTER= COCOTB_TOPLEVEL=mnist_npu_cocotb_wrapper TOPLEVEL_LANG=verilog \
         /usr/bin/vvp -M /usr/local/lib/python3.10/dist-packages/cocotb/libs -m libcocotbvpi_icarus   sim_build/sim.vvp   
     -.--ns INFO     gpi                                ..mbed/gpi_embed.cpp:93   in _embed_init_python              Using Python 3.10.14 interpreter at /usr/bin/python3
     -.--ns INFO     gpi                                ../gpi/GpiCommon.cpp:79   in gpi_print_registered_impl       VPI registered
     0.00ns INFO     cocotb                             Running on Icarus Verilog version 11.0 (stable)
     0.00ns WARNING  gpi                                vpi_iterate returned NULL for type vpiInstance for object NULL
     0.00ns INFO     cocotb                             Seeding Python random module with 1787648984
     0.00ns INFO     cocotb                             Initialized cocotb v2.0.1 from /usr/local/lib/python3.10/dist-packages/cocotb
     0.00ns INFO     cocotb                             Running tests
     0.00ns INFO     cocotb.regression                  running test_mnist_top.test_mnist_uart_led (1/1)
     0.00ns WARNING  py.warnings                        /home/smdadmin/PRJ-005/mnist_npu/verify/run_cocotb/test_mnist_top.py:103: DeprecationWarning: The 'units' argument has been renamed to 'unit'.
                                                          cocotb.start_soon(Clock(dut.clk, CLK_PERIOD_NS, units="ns").start())
536980.00ns INFO     cocotb.mnist_npu_cocotb_wrapper    image 0: OK pred=7 conf=94% verdict=0 blink_toggles=12746 line='IMG 000: This is number 7 | confidence 94% | expected 7 | CORRECT'
1073600.00ns INFO     cocotb.mnist_npu_cocotb_wrapper    image 1: OK pred=2 conf=90% verdict=0 blink_toggles=12739 line='IMG 001: This is number 2 | confidence 90% | expected 2 | CORRECT'
1610220.00ns INFO     cocotb.mnist_npu_cocotb_wrapper    image 2: OK pred=1 conf=91% verdict=0 blink_toggles=12739 line='IMG 002: This is number 1 | confidence 91% | expected 1 | CORRECT'
2146840.00ns INFO     cocotb.mnist_npu_cocotb_wrapper    image 3: OK pred=0 conf=93% verdict=0 blink_toggles=12739 line='IMG 003: This is number 0 | confidence 93% | expected 0 | CORRECT'
2683460.00ns INFO     cocotb.mnist_npu_cocotb_wrapper    image 4: OK pred=4 conf=91% verdict=0 blink_toggles=12739 line='IMG 004: This is number 4 | confidence 91% | expected 4 | CORRECT'
3220080.00ns INFO     cocotb.mnist_npu_cocotb_wrapper    image 5: OK pred=1 conf=92% verdict=0 blink_toggles=12739 line='IMG 005: This is number 1 | confidence 92% | expected 1 | CORRECT'
3756700.00ns INFO     cocotb.mnist_npu_cocotb_wrapper    image 6: OK pred=4 conf=92% verdict=0 blink_toggles=12739 line='IMG 006: This is number 4 | confidence 92% | expected 4 | CORRECT'
4293320.00ns INFO     cocotb.mnist_npu_cocotb_wrapper    image 7: OK pred=9 conf=93% verdict=0 blink_toggles=12739 line='IMG 007: This is number 9 | confidence 93% | expected 9 | CORRECT'
4827480.00ns INFO     cocotb.mnist_npu_cocotb_wrapper    image 8: OK pred=6 conf=42% verdict=2 blink_toggles=12739 line='IMG 008: NOT A NUMBER | confidence 42% | expected 5 | TRASH'
4827680.00ns INFO     cocotb.mnist_npu_cocotb_wrapper    PASS: 9 images independently re-verified (UART framing+lines, LED[11] blink timing, LED[10]/LED[9:0]/verdict exclusivity, HOLD-window led[11] constancy)
4827680.00ns INFO     cocotb.regression                  test_mnist_top.test_mnist_uart_led passed
4827680.00ns INFO     cocotb.regression                  ********************************************************************************************
                                                         ** TEST                                STATUS  SIM TIME (ns)  REAL TIME (s)  RATIO (ns/s) **
                                                         ********************************************************************************************
                                                         ** test_mnist_top.test_mnist_uart_led   PASS     4827680.00          62.85      76808.63  **
                                                         ********************************************************************************************
                                                         ** TESTS=1 PASS=1 FAIL=0 SKIP=0                  4827680.00          62.86      76802.23  **
                                                         ********************************************************************************************
make[1]: Leaving directory '/home/smdadmin/PRJ-005/mnist_npu/verify/run_cocotb'
