FAIL CORRECT @20065000
FAIL CORRECT: got=0x00000000 want=0x00000042 @20065000
FAIL CORRECT: got=0x000000xx want=0x00000049 @20065000
FAIL CORRECT: got=0x000000xx want=0x0000004d @20065000
FAIL CORRECT: got=0x000000xx want=0x00000047 @20065000
FAIL CORRECT: got=0x000000xx want=0x00000020 @20065000
FAIL CORRECT: got=0x000000xx want=0x00000030 @20065000
FAIL CORRECT: got=0x000000xx want=0x00000030 @20065000
FAIL CORRECT: got=0x000000xx want=0x00000035 @20065000
FAIL CORRECT: got=0x000000xx want=0x0000003a @20065000
FAIL CORRECT: got=0x000000xx want=0x00000020 @20065000
FAIL CORRECT: got=0x000000xx want=0x00000054 @20065000
FAIL CORRECT: got=0x000000xx want=0x00000068 @20065000
FAIL CORRECT: got=0x000000xx want=0x00000069 @20065000
FAIL CORRECT: got=0x000000xx want=0x00000073 @20065000
FAIL CORRECT: got=0x000000xx want=0x00000020 @20065000
FAIL CORRECT: got=0x000000xx want=0x00000069 @20065000
FAIL CORRECT: got=0x000000xx want=0x00000073 @20065000
FAIL CORRECT: got=0x000000xx want=0x00000020 @20065000
FAIL CORRECT: got=0x000000xx want=0x0000006e @20065000
FAIL CORRECT: got=0x000000xx want=0x00000075 @20065000
FAIL CORRECT: got=0x000000xx want=0x0000006d @20065000
FAIL CORRECT: got=0x000000xx want=0x00000062 @20065000
FAIL CORRECT: got=0x000000xx want=0x00000065 @20065000
FAIL CORRECT: got=0x000000xx want=0x00000072 @20065000
FAIL CORRECT: got=0x000000xx want=0x00000020 @20065000
FAIL CORRECT: got=0x000000xx want=0x00000033 @20065000
FAIL CORRECT: got=0x000000xx want=0x00000020 @20065000
FAIL CORRECT: got=0x000000xx want=0x0000007c @20065000
FAIL CORRECT: got=0x000000xx want=0x00000020 @20065000
FAIL CORRECT: got=0x000000xx want=0x00000063 @20065000
FAIL CORRECT: got=0x000000xx want=0x0000006f @20065000
FAIL CORRECT: got=0x000000xx want=0x0000006e @20065000
FAIL CORRECT: got=0x000000xx want=0x00000066 @20065000
FAIL CORRECT: got=0x000000xx want=0x00000069 @20065000
FAIL CORRECT: got=0x000000xx want=0x00000064 @20065000
FAIL CORRECT: got=0x000000xx want=0x00000065 @20065000
FAIL CORRECT: got=0x000000xx want=0x0000006e @20065000
FAIL CORRECT: got=0x000000xx want=0x00000063 @20065000
FAIL CORRECT: got=0x000000xx want=0x00000065 @20065000
FAIL CORRECT: got=0x000000xx want=0x00000020 @20065000
FAIL CORRECT: got=0x000000xx want=0x00000037 @20065000
FAIL CORRECT: got=0x000000xx want=0x00000037 @20065000
FAIL CORRECT: got=0x000000xx want=0x00000025 @20065000
FAIL CORRECT: got=0x000000xx want=0x00000020 @20065000
FAIL CORRECT: got=0x000000xx want=0x0000007c @20065000
FAIL CORRECT: got=0x000000xx want=0x00000020 @20065000
FAIL CORRECT: got=0x000000xx want=0x00000065 @20065000
FAIL CORRECT: got=0x000000xx want=0x00000078 @20065000
FAIL CORRECT: got=0x000000xx want=0x00000070 @20065000
FAIL CORRECT: got=0x000000xx want=0x00000065 @20065000
FAIL CORRECT: got=0x000000xx want=0x00000063 @20065000
FAIL CORRECT: got=0x000000xx want=0x00000074 @20065000
FAIL CORRECT: got=0x000000xx want=0x00000065 @20065000
FAIL CORRECT: got=0x000000xx want=0x00000064 @20065000
FAIL CORRECT: got=0x000000xx want=0x00000020 @20065000
FAIL CORRECT: got=0x000000xx want=0x00000033 @20065000
FAIL CORRECT: got=0x000000xx want=0x00000020 @20065000
FAIL CORRECT: got=0x000000xx want=0x0000007c @20065000
FAIL CORRECT: got=0x000000xx want=0x00000020 @20065000
FAIL CORRECT: got=0x000000xx want=0x00000043 @20065000
FAIL CORRECT: got=0x000000xx want=0x0000004f @20065000
FAIL CORRECT: got=0x000000xx want=0x00000052 @20065000
FAIL CORRECT: got=0x000000xx want=0x00000052 @20065000
FAIL CORRECT: got=0x000000xx want=0x00000045 @20065000
FAIL CORRECT: got=0x000000xx want=0x00000043 @20065000
FAIL CORRECT: got=0x000000xx want=0x00000054 @20065000
FAIL CORRECT: got=0x000000xx want=0x0000000a @20065000
FAIL INCORRECT @40085000
FAIL INCORRECT: got=0x00000000 want=0x00000044 @40085000
FAIL INCORRECT: got=0x000000xx want=0x00000049 @40085000
FAIL INCORRECT: got=0x000000xx want=0x0000004d @40085000
FAIL INCORRECT: got=0x000000xx want=0x00000047 @40085000
FAIL INCORRECT: got=0x000000xx want=0x00000020 @40085000
FAIL INCORRECT: got=0x000000xx want=0x00000030 @40085000
FAIL INCORRECT: got=0x000000xx want=0x00000034 @40085000
FAIL INCORRECT: got=0x000000xx want=0x00000032 @40085000
FAIL INCORRECT: got=0x000000xx want=0x0000003a @40085000
FAIL INCORRECT: got=0x000000xx want=0x00000020 @40085000
FAIL INCORRECT: got=0x000000xx want=0x00000054 @40085000
FAIL INCORRECT: got=0x000000xx want=0x00000068 @40085000
FAIL INCORRECT: got=0x000000xx want=0x00000069 @40085000
FAIL INCORRECT: got=0x000000xx want=0x00000073 @40085000
FAIL INCORRECT: got=0x000000xx want=0x00000020 @40085000
FAIL INCORRECT: got=0x000000xx want=0x00000069 @40085000
FAIL INCORRECT: got=0x000000xx want=0x00000073 @40085000
FAIL INCORRECT: got=0x000000xx want=0x00000020 @40085000
FAIL INCORRECT: got=0x000000xx want=0x0000006e @40085000
FAIL INCORRECT: got=0x000000xx want=0x00000075 @40085000
FAIL INCORRECT: got=0x000000xx want=0x0000006d @40085000
FAIL INCORRECT: got=0x000000xx want=0x00000062 @40085000
FAIL INCORRECT: got=0x000000xx want=0x00000065 @40085000
FAIL INCORRECT: got=0x000000xx want=0x00000072 @40085000
FAIL INCORRECT: got=0x000000xx want=0x00000020 @40085000
FAIL INCORRECT: got=0x000000xx want=0x00000032 @40085000
FAIL INCORRECT: got=0x000000xx want=0x00000020 @40085000
FAIL INCORRECT: got=0x000000xx want=0x0000007c @40085000
FAIL INCORRECT: got=0x000000xx want=0x00000020 @40085000
FAIL INCORRECT: got=0x000000xx want=0x00000063 @40085000
FAIL INCORRECT: got=0x000000xx want=0x0000006f @40085000
FAIL INCORRECT: got=0x000000xx want=0x0000006e @40085000
FAIL INCORRECT: got=0x000000xx want=0x00000066 @40085000
FAIL INCORRECT: got=0x000000xx want=0x00000069 @40085000
FAIL INCORRECT: got=0x000000xx want=0x00000064 @40085000
FAIL INCORRECT: got=0x000000xx want=0x00000065 @40085000
FAIL INCORRECT: got=0x000000xx want=0x0000006e @40085000
FAIL INCORRECT: got=0x000000xx want=0x00000063 @40085000
FAIL INCORRECT: got=0x000000xx want=0x00000065 @40085000
FAIL INCORRECT: got=0x000000xx want=0x00000020 @40085000
FAIL INCORRECT: got=0x000000xx want=0x00000036 @40085000
FAIL INCORRECT: got=0x000000xx want=0x00000030 @40085000
FAIL INCORRECT: got=0x000000xx want=0x00000025 @40085000
FAIL INCORRECT: got=0x000000xx want=0x00000020 @40085000
FAIL INCORRECT: got=0x000000xx want=0x0000007c @40085000
FAIL INCORRECT: got=0x000000xx want=0x00000020 @40085000
FAIL INCORRECT: got=0x000000xx want=0x00000065 @40085000
FAIL INCORRECT: got=0x000000xx want=0x00000078 @40085000
FAIL INCORRECT: got=0x000000xx want=0x00000070 @40085000
FAIL INCORRECT: got=0x000000xx want=0x00000065 @40085000
FAIL INCORRECT: got=0x000000xx want=0x00000063 @40085000
FAIL INCORRECT: got=0x000000xx want=0x00000074 @40085000
FAIL INCORRECT: got=0x000000xx want=0x00000065 @40085000
FAIL INCORRECT: got=0x000000xx want=0x00000064 @40085000
FAIL INCORRECT: got=0x000000xx want=0x00000020 @40085000
FAIL INCORRECT: got=0x000000xx want=0x00000035 @40085000
FAIL INCORRECT: got=0x000000xx want=0x00000020 @40085000
FAIL INCORRECT: got=0x000000xx want=0x0000007c @40085000
FAIL INCORRECT: got=0x000000xx want=0x00000020 @40085000
FAIL INCORRECT: got=0x000000xx want=0x00000049 @40085000
FAIL INCORRECT: got=0x000000xx want=0x0000004e @40085000
FAIL INCORRECT: got=0x000000xx want=0x00000043 @40085000
FAIL INCORRECT: got=0x000000xx want=0x0000004f @40085000
FAIL INCORRECT: got=0x000000xx want=0x00000052 @40085000
FAIL INCORRECT: got=0x000000xx want=0x00000052 @40085000
FAIL INCORRECT: got=0x000000xx want=0x00000045 @40085000
FAIL INCORRECT: got=0x000000xx want=0x00000043 @40085000
FAIL INCORRECT: got=0x000000xx want=0x00000054 @40085000
FAIL INCORRECT: got=0x000000xx want=0x0000000a @40085000
FAIL TRASH @60105000
FAIL TRASH: got=0x00000000 want=0x0000003c @60105000
FAIL TRASH: got=0x000000xx want=0x00000049 @60105000
FAIL TRASH: got=0x000000xx want=0x0000004d @60105000
FAIL TRASH: got=0x000000xx want=0x00000047 @60105000
FAIL TRASH: got=0x000000xx want=0x00000020 @60105000
FAIL TRASH: got=0x000000xx want=0x00000030 @60105000
FAIL TRASH: got=0x000000xx want=0x00000039 @60105000
FAIL TRASH: got=0x000000xx want=0x00000039 @60105000
FAIL TRASH: got=0x000000xx want=0x0000003a @60105000
FAIL TRASH: got=0x000000xx want=0x00000020 @60105000
FAIL TRASH: got=0x000000xx want=0x0000004e @60105000
FAIL TRASH: got=0x000000xx want=0x0000004f @60105000
FAIL TRASH: got=0x000000xx want=0x00000054 @60105000
FAIL TRASH: got=0x000000xx want=0x00000020 @60105000
FAIL TRASH: got=0x000000xx want=0x00000041 @60105000
FAIL TRASH: got=0x000000xx want=0x00000020 @60105000
FAIL TRASH: got=0x000000xx want=0x0000004e @60105000
FAIL TRASH: got=0x000000xx want=0x00000055 @60105000
FAIL TRASH: got=0x000000xx want=0x0000004d @60105000
FAIL TRASH: got=0x000000xx want=0x00000042 @60105000
FAIL TRASH: got=0x000000xx want=0x00000045 @60105000
FAIL TRASH: got=0x000000xx want=0x00000052 @60105000
FAIL TRASH: got=0x000000xx want=0x00000020 @60105000
FAIL TRASH: got=0x000000xx want=0x0000007c @60105000
FAIL TRASH: got=0x000000xx want=0x00000020 @60105000
FAIL TRASH: got=0x000000xx want=0x00000063 @60105000
FAIL TRASH: got=0x000000xx want=0x0000006f @60105000
FAIL TRASH: got=0x000000xx want=0x0000006e @60105000
FAIL TRASH: got=0x000000xx want=0x00000066 @60105000
FAIL TRASH: got=0x000000xx want=0x00000069 @60105000
FAIL TRASH: got=0x000000xx want=0x00000064 @60105000
FAIL TRASH: got=0x000000xx want=0x00000065 @60105000
FAIL TRASH: got=0x000000xx want=0x0000006e @60105000
FAIL TRASH: got=0x000000xx want=0x00000063 @60105000
FAIL TRASH: got=0x000000xx want=0x00000065 @60105000
FAIL TRASH: got=0x000000xx want=0x00000020 @60105000
FAIL TRASH: got=0x000000xx want=0x00000031 @60105000
FAIL TRASH: got=0x000000xx want=0x00000030 @60105000
FAIL TRASH: got=0x000000xx want=0x00000025 @60105000
FAIL TRASH: got=0x000000xx want=0x00000020 @60105000
FAIL TRASH: got=0x000000xx want=0x0000007c @60105000
FAIL TRASH: got=0x000000xx want=0x00000020 @60105000
FAIL TRASH: got=0x000000xx want=0x00000065 @60105000
FAIL TRASH: got=0x000000xx want=0x00000078 @60105000
FAIL TRASH: got=0x000000xx want=0x00000070 @60105000
FAIL TRASH: got=0x000000xx want=0x00000065 @60105000
FAIL TRASH: got=0x000000xx want=0x00000063 @60105000
FAIL TRASH: got=0x000000xx want=0x00000074 @60105000
FAIL TRASH: got=0x000000xx want=0x00000065 @60105000
FAIL TRASH: got=0x000000xx want=0x00000064 @60105000
FAIL TRASH: got=0x000000xx want=0x00000020 @60105000
FAIL TRASH: got=0x000000xx want=0x00000038 @60105000
FAIL TRASH: got=0x000000xx want=0x00000020 @60105000
FAIL TRASH: got=0x000000xx want=0x0000007c @60105000
FAIL TRASH: got=0x000000xx want=0x00000020 @60105000
FAIL TRASH: got=0x000000xx want=0x00000054 @60105000
FAIL TRASH: got=0x000000xx want=0x00000052 @60105000
FAIL TRASH: got=0x000000xx want=0x00000041 @60105000
FAIL TRASH: got=0x000000xx want=0x00000053 @60105000
FAIL TRASH: got=0x000000xx want=0x00000048 @60105000
FAIL TRASH: got=0x000000xx want=0x0000000a @60105000
FAIL TRASH conf=0 boundary @80125000
FAIL TRASH conf=0 boundary: got=0x00000000 want=0x0000003b @80125000
FAIL TRASH conf=0 boundary: got=0x000000xx want=0x00000049 @80125000
FAIL TRASH conf=0 boundary: got=0x000000xx want=0x0000004d @80125000
FAIL TRASH conf=0 boundary: got=0x000000xx want=0x00000047 @80125000
FAIL TRASH conf=0 boundary: got=0x000000xx want=0x00000020 @80125000
FAIL TRASH conf=0 boundary: got=0x000000xx want=0x00000030 @80125000
FAIL TRASH conf=0 boundary: got=0x000000xx want=0x00000030 @80125000
FAIL TRASH conf=0 boundary: got=0x000000xx want=0x00000030 @80125000
FAIL TRASH conf=0 boundary: got=0x000000xx want=0x0000003a @80125000
FAIL TRASH conf=0 boundary: got=0x000000xx want=0x00000020 @80125000
FAIL TRASH conf=0 boundary: got=0x000000xx want=0x0000004e @80125000
FAIL TRASH conf=0 boundary: got=0x000000xx want=0x0000004f @80125000
FAIL TRASH conf=0 boundary: got=0x000000xx want=0x00000054 @80125000
FAIL TRASH conf=0 boundary: got=0x000000xx want=0x00000020 @80125000
FAIL TRASH conf=0 boundary: got=0x000000xx want=0x00000041 @80125000
FAIL TRASH conf=0 boundary: got=0x000000xx want=0x00000020 @80125000
FAIL TRASH conf=0 boundary: got=0x000000xx want=0x0000004e @80125000
FAIL TRASH conf=0 boundary: got=0x000000xx want=0x00000055 @80125000
FAIL TRASH conf=0 boundary: got=0x000000xx want=0x0000004d @80125000
FAIL TRASH conf=0 boundary: got=0x000000xx want=0x00000042 @80125000
FAIL TRASH conf=0 boundary: got=0x000000xx want=0x00000045 @80125000
FAIL TRASH conf=0 boundary: got=0x000000xx want=0x00000052 @80125000
FAIL TRASH conf=0 boundary: got=0x000000xx want=0x00000020 @80125000
FAIL TRASH conf=0 boundary: got=0x000000xx want=0x0000007c @80125000
FAIL TRASH conf=0 boundary: got=0x000000xx want=0x00000020 @80125000
FAIL TRASH conf=0 boundary: got=0x000000xx want=0x00000063 @80125000
FAIL TRASH conf=0 boundary: got=0x000000xx want=0x0000006f @80125000
FAIL TRASH conf=0 boundary: got=0x000000xx want=0x0000006e @80125000
FAIL TRASH conf=0 boundary: got=0x000000xx want=0x00000066 @80125000
FAIL TRASH conf=0 boundary: got=0x000000xx want=0x00000069 @80125000
FAIL TRASH conf=0 boundary: got=0x000000xx want=0x00000064 @80125000
FAIL TRASH conf=0 boundary: got=0x000000xx want=0x00000065 @80125000
FAIL TRASH conf=0 boundary: got=0x000000xx want=0x0000006e @80125000
FAIL TRASH conf=0 boundary: got=0x000000xx want=0x00000063 @80125000
FAIL TRASH conf=0 boundary: got=0x000000xx want=0x00000065 @80125000
FAIL TRASH conf=0 boundary: got=0x000000xx want=0x00000020 @80125000
FAIL TRASH conf=0 boundary: got=0x000000xx want=0x00000030 @80125000
FAIL TRASH conf=0 boundary: got=0x000000xx want=0x00000025 @80125000
FAIL TRASH conf=0 boundary: got=0x000000xx want=0x00000020 @80125000
FAIL TRASH conf=0 boundary: got=0x000000xx want=0x0000007c @80125000
FAIL TRASH conf=0 boundary: got=0x000000xx want=0x00000020 @80125000
FAIL TRASH conf=0 boundary: got=0x000000xx want=0x00000065 @80125000
FAIL TRASH conf=0 boundary: got=0x000000xx want=0x00000078 @80125000
FAIL TRASH conf=0 boundary: got=0x000000xx want=0x00000070 @80125000
FAIL TRASH conf=0 boundary: got=0x000000xx want=0x00000065 @80125000
FAIL TRASH conf=0 boundary: got=0x000000xx want=0x00000063 @80125000
FAIL TRASH conf=0 boundary: got=0x000000xx want=0x00000074 @80125000
FAIL TRASH conf=0 boundary: got=0x000000xx want=0x00000065 @80125000
FAIL TRASH conf=0 boundary: got=0x000000xx want=0x00000064 @80125000
FAIL TRASH conf=0 boundary: got=0x000000xx want=0x00000020 @80125000
FAIL TRASH conf=0 boundary: got=0x000000xx want=0x00000030 @80125000
FAIL TRASH conf=0 boundary: got=0x000000xx want=0x00000020 @80125000
FAIL TRASH conf=0 boundary: got=0x000000xx want=0x0000007c @80125000
FAIL TRASH conf=0 boundary: got=0x000000xx want=0x00000020 @80125000
FAIL TRASH conf=0 boundary: got=0x000000xx want=0x00000054 @80125000
FAIL TRASH conf=0 boundary: got=0x000000xx want=0x00000052 @80125000
FAIL TRASH conf=0 boundary: got=0x000000xx want=0x00000041 @80125000
FAIL TRASH conf=0 boundary: got=0x000000xx want=0x00000053 @80125000
FAIL TRASH conf=0 boundary: got=0x000000xx want=0x00000048 @80125000
FAIL TRASH conf=0 boundary: got=0x000000xx want=0x0000000a @80125000
FAIL CORRECT conf=1 boundary @100145000
FAIL CORRECT conf=1 boundary: got=0x00000000 want=0x00000041 @100145000
FAIL CORRECT conf=1 boundary: got=0x000000xx want=0x00000049 @100145000
FAIL CORRECT conf=1 boundary: got=0x000000xx want=0x0000004d @100145000
FAIL CORRECT conf=1 boundary: got=0x000000xx want=0x00000047 @100145000
FAIL CORRECT conf=1 boundary: got=0x000000xx want=0x00000020 @100145000
FAIL CORRECT conf=1 boundary: got=0x000000xx want=0x00000030 @100145000
FAIL CORRECT conf=1 boundary: got=0x000000xx want=0x00000030 @100145000
FAIL CORRECT conf=1 boundary: got=0x000000xx want=0x00000031 @100145000
FAIL CORRECT conf=1 boundary: got=0x000000xx want=0x0000003a @100145000
FAIL CORRECT conf=1 boundary: got=0x000000xx want=0x00000020 @100145000
FAIL CORRECT conf=1 boundary: got=0x000000xx want=0x00000054 @100145000
FAIL CORRECT conf=1 boundary: got=0x000000xx want=0x00000068 @100145000
FAIL CORRECT conf=1 boundary: got=0x000000xx want=0x00000069 @100145000
FAIL CORRECT conf=1 boundary: got=0x000000xx want=0x00000073 @100145000
FAIL CORRECT conf=1 boundary: got=0x000000xx want=0x00000020 @100145000
FAIL CORRECT conf=1 boundary: got=0x000000xx want=0x00000069 @100145000
FAIL CORRECT conf=1 boundary: got=0x000000xx want=0x00000073 @100145000
FAIL CORRECT conf=1 boundary: got=0x000000xx want=0x00000020 @100145000
FAIL CORRECT conf=1 boundary: got=0x000000xx want=0x0000006e @100145000
FAIL CORRECT conf=1 boundary: got=0x000000xx want=0x00000075 @100145000
FAIL CORRECT conf=1 boundary: got=0x000000xx want=0x0000006d @100145000
FAIL CORRECT conf=1 boundary: got=0x000000xx want=0x00000062 @100145000
FAIL CORRECT conf=1 boundary: got=0x000000xx want=0x00000065 @100145000
FAIL CORRECT conf=1 boundary: got=0x000000xx want=0x00000072 @100145000
FAIL CORRECT conf=1 boundary: got=0x000000xx want=0x00000020 @100145000
FAIL CORRECT conf=1 boundary: got=0x000000xx want=0x00000031 @100145000
FAIL CORRECT conf=1 boundary: got=0x000000xx want=0x00000020 @100145000
FAIL CORRECT conf=1 boundary: got=0x000000xx want=0x0000007c @100145000
FAIL CORRECT conf=1 boundary: got=0x000000xx want=0x00000020 @100145000
FAIL CORRECT conf=1 boundary: got=0x000000xx want=0x00000063 @100145000
FAIL CORRECT conf=1 boundary: got=0x000000xx want=0x0000006f @100145000
FAIL CORRECT conf=1 boundary: got=0x000000xx want=0x0000006e @100145000
FAIL CORRECT conf=1 boundary: got=0x000000xx want=0x00000066 @100145000
FAIL CORRECT conf=1 boundary: got=0x000000xx want=0x00000069 @100145000
FAIL CORRECT conf=1 boundary: got=0x000000xx want=0x00000064 @100145000
FAIL CORRECT conf=1 boundary: got=0x000000xx want=0x00000065 @100145000
FAIL CORRECT conf=1 boundary: got=0x000000xx want=0x0000006e @100145000
FAIL CORRECT conf=1 boundary: got=0x000000xx want=0x00000063 @100145000
FAIL CORRECT conf=1 boundary: got=0x000000xx want=0x00000065 @100145000
FAIL CORRECT conf=1 boundary: got=0x000000xx want=0x00000020 @100145000
FAIL CORRECT conf=1 boundary: got=0x000000xx want=0x00000031 @100145000
FAIL CORRECT conf=1 boundary: got=0x000000xx want=0x00000025 @100145000
FAIL CORRECT conf=1 boundary: got=0x000000xx want=0x00000020 @100145000
FAIL CORRECT conf=1 boundary: got=0x000000xx want=0x0000007c @100145000
FAIL CORRECT conf=1 boundary: got=0x000000xx want=0x00000020 @100145000
FAIL CORRECT conf=1 boundary: got=0x000000xx want=0x00000065 @100145000
FAIL CORRECT conf=1 boundary: got=0x000000xx want=0x00000078 @100145000
FAIL CORRECT conf=1 boundary: got=0x000000xx want=0x00000070 @100145000
FAIL CORRECT conf=1 boundary: got=0x000000xx want=0x00000065 @100145000
FAIL CORRECT conf=1 boundary: got=0x000000xx want=0x00000063 @100145000
FAIL CORRECT conf=1 boundary: got=0x000000xx want=0x00000074 @100145000
FAIL CORRECT conf=1 boundary: got=0x000000xx want=0x00000065 @100145000
FAIL CORRECT conf=1 boundary: got=0x000000xx want=0x00000064 @100145000
FAIL CORRECT conf=1 boundary: got=0x000000xx want=0x00000020 @100145000
FAIL CORRECT conf=1 boundary: got=0x000000xx want=0x00000031 @100145000
FAIL CORRECT conf=1 boundary: got=0x000000xx want=0x00000020 @100145000
FAIL CORRECT conf=1 boundary: got=0x000000xx want=0x0000007c @100145000
FAIL CORRECT conf=1 boundary: got=0x000000xx want=0x00000020 @100145000
FAIL CORRECT conf=1 boundary: got=0x000000xx want=0x00000043 @100145000
FAIL CORRECT conf=1 boundary: got=0x000000xx want=0x0000004f @100145000
FAIL CORRECT conf=1 boundary: got=0x000000xx want=0x00000052 @100145000
FAIL CORRECT conf=1 boundary: got=0x000000xx want=0x00000052 @100145000
FAIL CORRECT conf=1 boundary: got=0x000000xx want=0x00000045 @100145000
FAIL CORRECT conf=1 boundary: got=0x000000xx want=0x00000043 @100145000
FAIL CORRECT conf=1 boundary: got=0x000000xx want=0x00000054 @100145000
FAIL CORRECT conf=1 boundary: got=0x000000xx want=0x0000000a @100145000
FAIL CORRECT conf=9 (1-digit max) @120165000
FAIL CORRECT conf=9 (1-digit max): got=0x00000000 want=0x00000041 @120165000
FAIL CORRECT conf=9 (1-digit max): got=0x000000xx want=0x00000049 @120165000
FAIL CORRECT conf=9 (1-digit max): got=0x000000xx want=0x0000004d @120165000
FAIL CORRECT conf=9 (1-digit max): got=0x000000xx want=0x00000047 @120165000
FAIL CORRECT conf=9 (1-digit max): got=0x000000xx want=0x00000020 @120165000
FAIL CORRECT conf=9 (1-digit max): got=0x000000xx want=0x00000030 @120165000
FAIL CORRECT conf=9 (1-digit max): got=0x000000xx want=0x00000030 @120165000
FAIL CORRECT conf=9 (1-digit max): got=0x000000xx want=0x00000032 @120165000
FAIL CORRECT conf=9 (1-digit max): got=0x000000xx want=0x0000003a @120165000
FAIL CORRECT conf=9 (1-digit max): got=0x000000xx want=0x00000020 @120165000
FAIL CORRECT conf=9 (1-digit max): got=0x000000xx want=0x00000054 @120165000
FAIL CORRECT conf=9 (1-digit max): got=0x000000xx want=0x00000068 @120165000
FAIL CORRECT conf=9 (1-digit max): got=0x000000xx want=0x00000069 @120165000
FAIL CORRECT conf=9 (1-digit max): got=0x000000xx want=0x00000073 @120165000
FAIL CORRECT conf=9 (1-digit max): got=0x000000xx want=0x00000020 @120165000
FAIL CORRECT conf=9 (1-digit max): got=0x000000xx want=0x00000069 @120165000
FAIL CORRECT conf=9 (1-digit max): got=0x000000xx want=0x00000073 @120165000
FAIL CORRECT conf=9 (1-digit max): got=0x000000xx want=0x00000020 @120165000
FAIL CORRECT conf=9 (1-digit max): got=0x000000xx want=0x0000006e @120165000
FAIL CORRECT conf=9 (1-digit max): got=0x000000xx want=0x00000075 @120165000
FAIL CORRECT conf=9 (1-digit max): got=0x000000xx want=0x0000006d @120165000
FAIL CORRECT conf=9 (1-digit max): got=0x000000xx want=0x00000062 @120165000
FAIL CORRECT conf=9 (1-digit max): got=0x000000xx want=0x00000065 @120165000
FAIL CORRECT conf=9 (1-digit max): got=0x000000xx want=0x00000072 @120165000
FAIL CORRECT conf=9 (1-digit max): got=0x000000xx want=0x00000020 @120165000
FAIL CORRECT conf=9 (1-digit max): got=0x000000xx want=0x00000032 @120165000
FAIL CORRECT conf=9 (1-digit max): got=0x000000xx want=0x00000020 @120165000
FAIL CORRECT conf=9 (1-digit max): got=0x000000xx want=0x0000007c @120165000
FAIL CORRECT conf=9 (1-digit max): got=0x000000xx want=0x00000020 @120165000
FAIL CORRECT conf=9 (1-digit max): got=0x000000xx want=0x00000063 @120165000
FAIL CORRECT conf=9 (1-digit max): got=0x000000xx want=0x0000006f @120165000
FAIL CORRECT conf=9 (1-digit max): got=0x000000xx want=0x0000006e @120165000
FAIL CORRECT conf=9 (1-digit max): got=0x000000xx want=0x00000066 @120165000
FAIL CORRECT conf=9 (1-digit max): got=0x000000xx want=0x00000069 @120165000
FAIL CORRECT conf=9 (1-digit max): got=0x000000xx want=0x00000064 @120165000
FAIL CORRECT conf=9 (1-digit max): got=0x000000xx want=0x00000065 @120165000
FAIL CORRECT conf=9 (1-digit max): got=0x000000xx want=0x0000006e @120165000
FAIL CORRECT conf=9 (1-digit max): got=0x000000xx want=0x00000063 @120165000
FAIL CORRECT conf=9 (1-digit max): got=0x000000xx want=0x00000065 @120165000
FAIL CORRECT conf=9 (1-digit max): got=0x000000xx want=0x00000020 @120165000
FAIL CORRECT conf=9 (1-digit max): got=0x000000xx want=0x00000039 @120165000
FAIL CORRECT conf=9 (1-digit max): got=0x000000xx want=0x00000025 @120165000
FAIL CORRECT conf=9 (1-digit max): got=0x000000xx want=0x00000020 @120165000
FAIL CORRECT conf=9 (1-digit max): got=0x000000xx want=0x0000007c @120165000
FAIL CORRECT conf=9 (1-digit max): got=0x000000xx want=0x00000020 @120165000
FAIL CORRECT conf=9 (1-digit max): got=0x000000xx want=0x00000065 @120165000
FAIL CORRECT conf=9 (1-digit max): got=0x000000xx want=0x00000078 @120165000
FAIL CORRECT conf=9 (1-digit max): got=0x000000xx want=0x00000070 @120165000
FAIL CORRECT conf=9 (1-digit max): got=0x000000xx want=0x00000065 @120165000
FAIL CORRECT conf=9 (1-digit max): got=0x000000xx want=0x00000063 @120165000
FAIL CORRECT conf=9 (1-digit max): got=0x000000xx want=0x00000074 @120165000
FAIL CORRECT conf=9 (1-digit max): got=0x000000xx want=0x00000065 @120165000
FAIL CORRECT conf=9 (1-digit max): got=0x000000xx want=0x00000064 @120165000
FAIL CORRECT conf=9 (1-digit max): got=0x000000xx want=0x00000020 @120165000
FAIL CORRECT conf=9 (1-digit max): got=0x000000xx want=0x00000032 @120165000
FAIL CORRECT conf=9 (1-digit max): got=0x000000xx want=0x00000020 @120165000
FAIL CORRECT conf=9 (1-digit max): got=0x000000xx want=0x0000007c @120165000
FAIL CORRECT conf=9 (1-digit max): got=0x000000xx want=0x00000020 @120165000
FAIL CORRECT conf=9 (1-digit max): got=0x000000xx want=0x00000043 @120165000
FAIL CORRECT conf=9 (1-digit max): got=0x000000xx want=0x0000004f @120165000
FAIL CORRECT conf=9 (1-digit max): got=0x000000xx want=0x00000052 @120165000
FAIL CORRECT conf=9 (1-digit max): got=0x000000xx want=0x00000052 @120165000
FAIL CORRECT conf=9 (1-digit max): got=0x000000xx want=0x00000045 @120165000
FAIL CORRECT conf=9 (1-digit max): got=0x000000xx want=0x00000043 @120165000
FAIL CORRECT conf=9 (1-digit max): got=0x000000xx want=0x00000054 @120165000
FAIL CORRECT conf=9 (1-digit max): got=0x000000xx want=0x0000000a @120165000
FAIL CORRECT conf=10 (2-digit min) @140185000
FAIL CORRECT conf=10 (2-digit min): got=0x00000000 want=0x00000042 @140185000
FAIL CORRECT conf=10 (2-digit min): got=0x000000xx want=0x00000049 @140185000
FAIL CORRECT conf=10 (2-digit min): got=0x000000xx want=0x0000004d @140185000
FAIL CORRECT conf=10 (2-digit min): got=0x000000xx want=0x00000047 @140185000
FAIL CORRECT conf=10 (2-digit min): got=0x000000xx want=0x00000020 @140185000
FAIL CORRECT conf=10 (2-digit min): got=0x000000xx want=0x00000030 @140185000
FAIL CORRECT conf=10 (2-digit min): got=0x000000xx want=0x00000030 @140185000
FAIL CORRECT conf=10 (2-digit min): got=0x000000xx want=0x00000033 @140185000
FAIL CORRECT conf=10 (2-digit min): got=0x000000xx want=0x0000003a @140185000
FAIL CORRECT conf=10 (2-digit min): got=0x000000xx want=0x00000020 @140185000
FAIL CORRECT conf=10 (2-digit min): got=0x000000xx want=0x00000054 @140185000
FAIL CORRECT conf=10 (2-digit min): got=0x000000xx want=0x00000068 @140185000
FAIL CORRECT conf=10 (2-digit min): got=0x000000xx want=0x00000069 @140185000
FAIL CORRECT conf=10 (2-digit min): got=0x000000xx want=0x00000073 @140185000
FAIL CORRECT conf=10 (2-digit min): got=0x000000xx want=0x00000020 @140185000
FAIL CORRECT conf=10 (2-digit min): got=0x000000xx want=0x00000069 @140185000
FAIL CORRECT conf=10 (2-digit min): got=0x000000xx want=0x00000073 @140185000
FAIL CORRECT conf=10 (2-digit min): got=0x000000xx want=0x00000020 @140185000
FAIL CORRECT conf=10 (2-digit min): got=0x000000xx want=0x0000006e @140185000
FAIL CORRECT conf=10 (2-digit min): got=0x000000xx want=0x00000075 @140185000
FAIL CORRECT conf=10 (2-digit min): got=0x000000xx want=0x0000006d @140185000
FAIL CORRECT conf=10 (2-digit min): got=0x000000xx want=0x00000062 @140185000
FAIL CORRECT conf=10 (2-digit min): got=0x000000xx want=0x00000065 @140185000
FAIL CORRECT conf=10 (2-digit min): got=0x000000xx want=0x00000072 @140185000
FAIL CORRECT conf=10 (2-digit min): got=0x000000xx want=0x00000020 @140185000
FAIL CORRECT conf=10 (2-digit min): got=0x000000xx want=0x00000033 @140185000
FAIL CORRECT conf=10 (2-digit min): got=0x000000xx want=0x00000020 @140185000
FAIL CORRECT conf=10 (2-digit min): got=0x000000xx want=0x0000007c @140185000
FAIL CORRECT conf=10 (2-digit min): got=0x000000xx want=0x00000020 @140185000
FAIL CORRECT conf=10 (2-digit min): got=0x000000xx want=0x00000063 @140185000
FAIL CORRECT conf=10 (2-digit min): got=0x000000xx want=0x0000006f @140185000
FAIL CORRECT conf=10 (2-digit min): got=0x000000xx want=0x0000006e @140185000
FAIL CORRECT conf=10 (2-digit min): got=0x000000xx want=0x00000066 @140185000
FAIL CORRECT conf=10 (2-digit min): got=0x000000xx want=0x00000069 @140185000
FAIL CORRECT conf=10 (2-digit min): got=0x000000xx want=0x00000064 @140185000
FAIL CORRECT conf=10 (2-digit min): got=0x000000xx want=0x00000065 @140185000
FAIL CORRECT conf=10 (2-digit min): got=0x000000xx want=0x0000006e @140185000
FAIL CORRECT conf=10 (2-digit min): got=0x000000xx want=0x00000063 @140185000
FAIL CORRECT conf=10 (2-digit min): got=0x000000xx want=0x00000065 @140185000
FAIL CORRECT conf=10 (2-digit min): got=0x000000xx want=0x00000020 @140185000
FAIL CORRECT conf=10 (2-digit min): got=0x000000xx want=0x00000031 @140185000
FAIL CORRECT conf=10 (2-digit min): got=0x000000xx want=0x00000030 @140185000
FAIL CORRECT conf=10 (2-digit min): got=0x000000xx want=0x00000025 @140185000
FAIL CORRECT conf=10 (2-digit min): got=0x000000xx want=0x00000020 @140185000
FAIL CORRECT conf=10 (2-digit min): got=0x000000xx want=0x0000007c @140185000
FAIL CORRECT conf=10 (2-digit min): got=0x000000xx want=0x00000020 @140185000
FAIL CORRECT conf=10 (2-digit min): got=0x000000xx want=0x00000065 @140185000
FAIL CORRECT conf=10 (2-digit min): got=0x000000xx want=0x00000078 @140185000
FAIL CORRECT conf=10 (2-digit min): got=0x000000xx want=0x00000070 @140185000
FAIL CORRECT conf=10 (2-digit min): got=0x000000xx want=0x00000065 @140185000
FAIL CORRECT conf=10 (2-digit min): got=0x000000xx want=0x00000063 @140185000
FAIL CORRECT conf=10 (2-digit min): got=0x000000xx want=0x00000074 @140185000
FAIL CORRECT conf=10 (2-digit min): got=0x000000xx want=0x00000065 @140185000
FAIL CORRECT conf=10 (2-digit min): got=0x000000xx want=0x00000064 @140185000
FAIL CORRECT conf=10 (2-digit min): got=0x000000xx want=0x00000020 @140185000
FAIL CORRECT conf=10 (2-digit min): got=0x000000xx want=0x00000033 @140185000
FAIL CORRECT conf=10 (2-digit min): got=0x000000xx want=0x00000020 @140185000
FAIL CORRECT conf=10 (2-digit min): got=0x000000xx want=0x0000007c @140185000
FAIL CORRECT conf=10 (2-digit min): got=0x000000xx want=0x00000020 @140185000
FAIL CORRECT conf=10 (2-digit min): got=0x000000xx want=0x00000043 @140185000
FAIL CORRECT conf=10 (2-digit min): got=0x000000xx want=0x0000004f @140185000
FAIL CORRECT conf=10 (2-digit min): got=0x000000xx want=0x00000052 @140185000
FAIL CORRECT conf=10 (2-digit min): got=0x000000xx want=0x00000052 @140185000
FAIL CORRECT conf=10 (2-digit min): got=0x000000xx want=0x00000045 @140185000
FAIL CORRECT conf=10 (2-digit min): got=0x000000xx want=0x00000043 @140185000
FAIL CORRECT conf=10 (2-digit min): got=0x000000xx want=0x00000054 @140185000
FAIL CORRECT conf=10 (2-digit min): got=0x000000xx want=0x0000000a @140185000
FAIL INCORRECT conf=99 (2-digit max) @160205000
FAIL INCORRECT conf=99 (2-digit max): got=0x00000000 want=0x00000044 @160205000
FAIL INCORRECT conf=99 (2-digit max): got=0x000000xx want=0x00000049 @160205000
FAIL INCORRECT conf=99 (2-digit max): got=0x000000xx want=0x0000004d @160205000
FAIL INCORRECT conf=99 (2-digit max): got=0x000000xx want=0x00000047 @160205000
FAIL INCORRECT conf=99 (2-digit max): got=0x000000xx want=0x00000020 @160205000
FAIL INCORRECT conf=99 (2-digit max): got=0x000000xx want=0x00000030 @160205000
FAIL INCORRECT conf=99 (2-digit max): got=0x000000xx want=0x00000030 @160205000
FAIL INCORRECT conf=99 (2-digit max): got=0x000000xx want=0x00000034 @160205000
FAIL INCORRECT conf=99 (2-digit max): got=0x000000xx want=0x0000003a @160205000
FAIL INCORRECT conf=99 (2-digit max): got=0x000000xx want=0x00000020 @160205000
FAIL INCORRECT conf=99 (2-digit max): got=0x000000xx want=0x00000054 @160205000
FAIL INCORRECT conf=99 (2-digit max): got=0x000000xx want=0x00000068 @160205000
FAIL INCORRECT conf=99 (2-digit max): got=0x000000xx want=0x00000069 @160205000
FAIL INCORRECT conf=99 (2-digit max): got=0x000000xx want=0x00000073 @160205000
FAIL INCORRECT conf=99 (2-digit max): got=0x000000xx want=0x00000020 @160205000
FAIL INCORRECT conf=99 (2-digit max): got=0x000000xx want=0x00000069 @160205000
FAIL INCORRECT conf=99 (2-digit max): got=0x000000xx want=0x00000073 @160205000
FAIL INCORRECT conf=99 (2-digit max): got=0x000000xx want=0x00000020 @160205000
FAIL INCORRECT conf=99 (2-digit max): got=0x000000xx want=0x0000006e @160205000
FAIL INCORRECT conf=99 (2-digit max): got=0x000000xx want=0x00000075 @160205000
FAIL INCORRECT conf=99 (2-digit max): got=0x000000xx want=0x0000006d @160205000
FAIL INCORRECT conf=99 (2-digit max): got=0x000000xx want=0x00000062 @160205000
FAIL INCORRECT conf=99 (2-digit max): got=0x000000xx want=0x00000065 @160205000
FAIL INCORRECT conf=99 (2-digit max): got=0x000000xx want=0x00000072 @160205000
FAIL INCORRECT conf=99 (2-digit max): got=0x000000xx want=0x00000020 @160205000
FAIL INCORRECT conf=99 (2-digit max): got=0x000000xx want=0x00000034 @160205000
FAIL INCORRECT conf=99 (2-digit max): got=0x000000xx want=0x00000020 @160205000
FAIL INCORRECT conf=99 (2-digit max): got=0x000000xx want=0x0000007c @160205000
FAIL INCORRECT conf=99 (2-digit max): got=0x000000xx want=0x00000020 @160205000
FAIL INCORRECT conf=99 (2-digit max): got=0x000000xx want=0x00000063 @160205000
FAIL INCORRECT conf=99 (2-digit max): got=0x000000xx want=0x0000006f @160205000
FAIL INCORRECT conf=99 (2-digit max): got=0x000000xx want=0x0000006e @160205000
FAIL INCORRECT conf=99 (2-digit max): got=0x000000xx want=0x00000066 @160205000
FAIL INCORRECT conf=99 (2-digit max): got=0x000000xx want=0x00000069 @160205000
FAIL INCORRECT conf=99 (2-digit max): got=0x000000xx want=0x00000064 @160205000
FAIL INCORRECT conf=99 (2-digit max): got=0x000000xx want=0x00000065 @160205000
FAIL INCORRECT conf=99 (2-digit max): got=0x000000xx want=0x0000006e @160205000
FAIL INCORRECT conf=99 (2-digit max): got=0x000000xx want=0x00000063 @160205000
FAIL INCORRECT conf=99 (2-digit max): got=0x000000xx want=0x00000065 @160205000
FAIL INCORRECT conf=99 (2-digit max): got=0x000000xx want=0x00000020 @160205000
FAIL INCORRECT conf=99 (2-digit max): got=0x000000xx want=0x00000039 @160205000
FAIL INCORRECT conf=99 (2-digit max): got=0x000000xx want=0x00000039 @160205000
FAIL INCORRECT conf=99 (2-digit max): got=0x000000xx want=0x00000025 @160205000
FAIL INCORRECT conf=99 (2-digit max): got=0x000000xx want=0x00000020 @160205000
FAIL INCORRECT conf=99 (2-digit max): got=0x000000xx want=0x0000007c @160205000
FAIL INCORRECT conf=99 (2-digit max): got=0x000000xx want=0x00000020 @160205000
FAIL INCORRECT conf=99 (2-digit max): got=0x000000xx want=0x00000065 @160205000
FAIL INCORRECT conf=99 (2-digit max): got=0x000000xx want=0x00000078 @160205000
FAIL INCORRECT conf=99 (2-digit max): got=0x000000xx want=0x00000070 @160205000
FAIL INCORRECT conf=99 (2-digit max): got=0x000000xx want=0x00000065 @160205000
FAIL INCORRECT conf=99 (2-digit max): got=0x000000xx want=0x00000063 @160205000
FAIL INCORRECT conf=99 (2-digit max): got=0x000000xx want=0x00000074 @160205000
FAIL INCORRECT conf=99 (2-digit max): got=0x000000xx want=0x00000065 @160205000
FAIL INCORRECT conf=99 (2-digit max): got=0x000000xx want=0x00000064 @160205000
FAIL INCORRECT conf=99 (2-digit max): got=0x000000xx want=0x00000020 @160205000
FAIL INCORRECT conf=99 (2-digit max): got=0x000000xx want=0x00000034 @160205000
FAIL INCORRECT conf=99 (2-digit max): got=0x000000xx want=0x00000020 @160205000
FAIL INCORRECT conf=99 (2-digit max): got=0x000000xx want=0x0000007c @160205000
FAIL INCORRECT conf=99 (2-digit max): got=0x000000xx want=0x00000020 @160205000
FAIL INCORRECT conf=99 (2-digit max): got=0x000000xx want=0x00000049 @160205000
FAIL INCORRECT conf=99 (2-digit max): got=0x000000xx want=0x0000004e @160205000
FAIL INCORRECT conf=99 (2-digit max): got=0x000000xx want=0x00000043 @160205000
FAIL INCORRECT conf=99 (2-digit max): got=0x000000xx want=0x0000004f @160205000
FAIL INCORRECT conf=99 (2-digit max): got=0x000000xx want=0x00000052 @160205000
FAIL INCORRECT conf=99 (2-digit max): got=0x000000xx want=0x00000052 @160205000
FAIL INCORRECT conf=99 (2-digit max): got=0x000000xx want=0x00000045 @160205000
FAIL INCORRECT conf=99 (2-digit max): got=0x000000xx want=0x00000043 @160205000
FAIL INCORRECT conf=99 (2-digit max): got=0x000000xx want=0x00000054 @160205000
FAIL INCORRECT conf=99 (2-digit max): got=0x000000xx want=0x0000000a @160205000
FAIL onf=100 (3-digit defensive case) @180225000
FAIL onf=100 (3-digit defensive case): got=0x00000000 want=0x00000043 @180225000
FAIL onf=100 (3-digit defensive case): got=0x000000xx want=0x00000049 @180225000
FAIL onf=100 (3-digit defensive case): got=0x000000xx want=0x0000004d @180225000
FAIL onf=100 (3-digit defensive case): got=0x000000xx want=0x00000047 @180225000
FAIL onf=100 (3-digit defensive case): got=0x000000xx want=0x00000020 @180225000
FAIL onf=100 (3-digit defensive case): got=0x000000xx want=0x00000030 @180225000
FAIL onf=100 (3-digit defensive case): got=0x000000xx want=0x00000030 @180225000
FAIL onf=100 (3-digit defensive case): got=0x000000xx want=0x00000036 @180225000
FAIL onf=100 (3-digit defensive case): got=0x000000xx want=0x0000003a @180225000
FAIL onf=100 (3-digit defensive case): got=0x000000xx want=0x00000020 @180225000
FAIL onf=100 (3-digit defensive case): got=0x000000xx want=0x00000054 @180225000
FAIL onf=100 (3-digit defensive case): got=0x000000xx want=0x00000068 @180225000
FAIL onf=100 (3-digit defensive case): got=0x000000xx want=0x00000069 @180225000
FAIL onf=100 (3-digit defensive case): got=0x000000xx want=0x00000073 @180225000
FAIL onf=100 (3-digit defensive case): got=0x000000xx want=0x00000020 @180225000
FAIL onf=100 (3-digit defensive case): got=0x000000xx want=0x00000069 @180225000
FAIL onf=100 (3-digit defensive case): got=0x000000xx want=0x00000073 @180225000
FAIL onf=100 (3-digit defensive case): got=0x000000xx want=0x00000020 @180225000
FAIL onf=100 (3-digit defensive case): got=0x000000xx want=0x0000006e @180225000
FAIL onf=100 (3-digit defensive case): got=0x000000xx want=0x00000075 @180225000
FAIL onf=100 (3-digit defensive case): got=0x000000xx want=0x0000006d @180225000
FAIL onf=100 (3-digit defensive case): got=0x000000xx want=0x00000062 @180225000
FAIL onf=100 (3-digit defensive case): got=0x000000xx want=0x00000065 @180225000
FAIL onf=100 (3-digit defensive case): got=0x000000xx want=0x00000072 @180225000
FAIL onf=100 (3-digit defensive case): got=0x000000xx want=0x00000020 @180225000
FAIL onf=100 (3-digit defensive case): got=0x000000xx want=0x00000036 @180225000
FAIL onf=100 (3-digit defensive case): got=0x000000xx want=0x00000020 @180225000
FAIL onf=100 (3-digit defensive case): got=0x000000xx want=0x0000007c @180225000
FAIL onf=100 (3-digit defensive case): got=0x000000xx want=0x00000020 @180225000
FAIL onf=100 (3-digit defensive case): got=0x000000xx want=0x00000063 @180225000
FAIL onf=100 (3-digit defensive case): got=0x000000xx want=0x0000006f @180225000
FAIL onf=100 (3-digit defensive case): got=0x000000xx want=0x0000006e @180225000
FAIL onf=100 (3-digit defensive case): got=0x000000xx want=0x00000066 @180225000
FAIL onf=100 (3-digit defensive case): got=0x000000xx want=0x00000069 @180225000
FAIL onf=100 (3-digit defensive case): got=0x000000xx want=0x00000064 @180225000
FAIL onf=100 (3-digit defensive case): got=0x000000xx want=0x00000065 @180225000
FAIL onf=100 (3-digit defensive case): got=0x000000xx want=0x0000006e @180225000
FAIL onf=100 (3-digit defensive case): got=0x000000xx want=0x00000063 @180225000
FAIL onf=100 (3-digit defensive case): got=0x000000xx want=0x00000065 @180225000
FAIL onf=100 (3-digit defensive case): got=0x000000xx want=0x00000020 @180225000
FAIL onf=100 (3-digit defensive case): got=0x000000xx want=0x00000031 @180225000
FAIL onf=100 (3-digit defensive case): got=0x000000xx want=0x00000030 @180225000
FAIL onf=100 (3-digit defensive case): got=0x000000xx want=0x00000030 @180225000
FAIL onf=100 (3-digit defensive case): got=0x000000xx want=0x00000025 @180225000
FAIL onf=100 (3-digit defensive case): got=0x000000xx want=0x00000020 @180225000
FAIL onf=100 (3-digit defensive case): got=0x000000xx want=0x0000007c @180225000
FAIL onf=100 (3-digit defensive case): got=0x000000xx want=0x00000020 @180225000
FAIL onf=100 (3-digit defensive case): got=0x000000xx want=0x00000065 @180225000
FAIL onf=100 (3-digit defensive case): got=0x000000xx want=0x00000078 @180225000
FAIL onf=100 (3-digit defensive case): got=0x000000xx want=0x00000070 @180225000
FAIL onf=100 (3-digit defensive case): got=0x000000xx want=0x00000065 @180225000
FAIL onf=100 (3-digit defensive case): got=0x000000xx want=0x00000063 @180225000
FAIL onf=100 (3-digit defensive case): got=0x000000xx want=0x00000074 @180225000
FAIL onf=100 (3-digit defensive case): got=0x000000xx want=0x00000065 @180225000
FAIL onf=100 (3-digit defensive case): got=0x000000xx want=0x00000064 @180225000
FAIL onf=100 (3-digit defensive case): got=0x000000xx want=0x00000020 @180225000
FAIL onf=100 (3-digit defensive case): got=0x000000xx want=0x00000036 @180225000
FAIL onf=100 (3-digit defensive case): got=0x000000xx want=0x00000020 @180225000
FAIL onf=100 (3-digit defensive case): got=0x000000xx want=0x0000007c @180225000
FAIL onf=100 (3-digit defensive case): got=0x000000xx want=0x00000020 @180225000
FAIL onf=100 (3-digit defensive case): got=0x000000xx want=0x00000043 @180225000
FAIL onf=100 (3-digit defensive case): got=0x000000xx want=0x0000004f @180225000
FAIL onf=100 (3-digit defensive case): got=0x000000xx want=0x00000052 @180225000
FAIL onf=100 (3-digit defensive case): got=0x000000xx want=0x00000052 @180225000
FAIL onf=100 (3-digit defensive case): got=0x000000xx want=0x00000045 @180225000
FAIL onf=100 (3-digit defensive case): got=0x000000xx want=0x00000043 @180225000
FAIL onf=100 (3-digit defensive case): got=0x000000xx want=0x00000054 @180225000
FAIL onf=100 (3-digit defensive case): got=0x000000xx want=0x0000000a @180225000
FAIL tb_uart_line_fmt_unit: 602 errors
