Startpoint: u_cnn_axi_slave/_1588_
            (rising edge-triggered flip-flop clocked by clk)
Endpoint: u_cnn_core/u_fc_datapath/_1831_
          (rising edge-triggered flip-flop clocked by clk)
Path Group: clk
Path Type: max

    Delay      Time   Description
-------------------------------------------------------------
   0.0000    0.0000   clock clk (rise edge)
   0.0000    0.0000   clock network delay (ideal)
   0.0000    0.0000 ^ u_cnn_axi_slave/_1588_/CLK (sky130_fd_sc_hd__dfxtp_1)
   0.2251    0.2251 v u_cnn_axi_slave/_1588_/Q (sky130_fd_sc_hd__dfxtp_1)
 136.0017  136.2268 ^ u_cnn_axi_slave/_1140_/Y (sky130_fd_sc_hd__nor2_1)
  59.5438  195.7706 v u_cnn_core/u_fc_datapath/_1278_/Y (sky130_fd_sc_hd__clkinv_1)
   8.2384  204.0090 ^ u_cnn_core/u_fc_datapath/_1519_/Y (sky130_fd_sc_hd__a211oi_1)
   0.0000  204.0090 ^ u_cnn_core/u_fc_datapath/_1831_/D (sky130_fd_sc_hd__dfxtp_1)
           204.0090   data arrival time

  10.0000   10.0000   clock clk (rise edge)
   0.0000   10.0000   clock network delay (ideal)
   0.0000   10.0000   clock reconvergence pessimism
            10.0000 ^ u_cnn_core/u_fc_datapath/_1831_/CLK (sky130_fd_sc_hd__dfxtp_1)
  -0.1553    9.8447   library setup time
             9.8447   data required time
-------------------------------------------------------------
             9.8447   data required time
          -204.0090   data arrival time
-------------------------------------------------------------
          -194.1642   slack (VIOLATED)


