Startpoint: u_picorv32/picorv32_core/_18899_
            (rising edge-triggered flip-flop clocked by clk)
Endpoint: u_picorv32/picorv32_core/_19017_
          (rising edge-triggered flip-flop clocked by clk)
Path Group: clk
Path Type: min

    Delay      Time   Description
-------------------------------------------------------------
   0.0000    0.0000   clock clk (rise edge)
   0.0000    0.0000   clock network delay (ideal)
   0.0000    0.0000 ^ u_picorv32/picorv32_core/_18899_/CLK (sky130_fd_sc_hd__dfxtp_1)
   0.2168    0.2168 ^ u_picorv32/picorv32_core/_18899_/Q (sky130_fd_sc_hd__dfxtp_1)
   0.0000    0.2168 ^ u_picorv32/picorv32_core/_19017_/D (sky130_fd_sc_hd__dfxtp_1)
             0.2168   data arrival time

   0.0000    0.0000   clock clk (rise edge)
   0.0000    0.0000   clock network delay (ideal)
   0.0000    0.0000   clock reconvergence pessimism
             0.0000 ^ u_picorv32/picorv32_core/_19017_/CLK (sky130_fd_sc_hd__dfxtp_1)
  -0.0242   -0.0242   library hold time
            -0.0242   data required time
-------------------------------------------------------------
            -0.0242   data required time
            -0.2168   data arrival time
-------------------------------------------------------------
             0.2410   slack (MET)


