Startpoint: u_cnn_axi_slave/_1588_
            (rising edge-triggered flip-flop clocked by clk)
Endpoint: u_cnn_core/u_fc_datapath/_1831_
          (rising edge-triggered flip-flop clocked by clk)
Path Group: clk
Path Type: max

    Delay      Time   Description
-------------------------------------------------------------
   0.0000    0.0000   clock clk (rise edge)
   0.0000    0.0000   clock network delay (ideal)
   0.0000    0.0000 ^ u_cnn_axi_slave/_1588_/CLK (sky130_fd_sc_hd__dfxtp_1)
   0.2090    0.2090 v u_cnn_axi_slave/_1588_/Q (sky130_fd_sc_hd__dfxtp_1)
 103.4880  103.6969 ^ u_cnn_axi_slave/_1140_/Y (sky130_fd_sc_hd__nor2_1)
  41.1498  144.8468 v u_cnn_core/u_fc_datapath/_1278_/Y (sky130_fd_sc_hd__clkinv_1)
   5.5073  150.3541 ^ u_cnn_core/u_fc_datapath/_1519_/Y (sky130_fd_sc_hd__a211oi_1)
   0.0000  150.3541 ^ u_cnn_core/u_fc_datapath/_1831_/D (sky130_fd_sc_hd__dfxtp_1)
           150.3541   data arrival time

 899.5286  899.5286   clock clk (rise edge)
   0.0000  899.5286   clock network delay (ideal)
   0.0000  899.5286   clock reconvergence pessimism
           899.5286 ^ u_cnn_core/u_fc_datapath/_1831_/CLK (sky130_fd_sc_hd__dfxtp_1)
  -0.0120  899.5166   library setup time
           899.5166   data required time
-------------------------------------------------------------
           899.5166   data required time
          -150.3541   data arrival time
-------------------------------------------------------------
           749.1625   slack (MET)


